[33m>[39m Building...
[32mÔêÜ[39m Building...
[1mInitial chunk files[22m[2m | [22m[1mNames[22m        [2m | [22m [1mRaw size[22m
[32mmain.js[39m            [2m | [22m[2mmain[22m         [2m | [22m  [36m2.97 MB[39m[2m | [22m
[32mchunk-RLD2R66K.js[39m  [2m | [22m[2m-[22m            [2m | [22m  [36m1.01 MB[39m[2m | [22m
[32mpolyfills.js[39m       [2m | [22m[2mpolyfills[22m    [2m | [22m [36m90.20 kB[39m[2m | [22m
[32mstyles.css[39m         [2m | [22m[2mstyles[22m       [2m | [22m [36m77.90 kB[39m[2m | [22m

[1m [22m                  [2m | [22m[1mInitial total[22m[2m | [22m  [1m4.15 MB[22m

[1mLazy chunk files[22m   [2m | [22m[1mNames[22m        [2m | [22m [1mRaw size[22m
[32mchunk-LOPPNYUZ.js[39m  [2m | [22m[2mbrowser[22m      [2m | [22m[36m146.34 kB[39m[2m | [22m

Application bundle generation complete. [43.991 seconds]

Output location: C:\Users\j.rodrigues.junior\IdeaProjects\corelyWeb\dist\corely-web

